// Jest Snapshot v1, https://goo.gl/fbAQLP

exports[`attribute set get set points 1`] = `"M10 10C11.68 11.68 18.32 20 20 20C20 20 20 10 20 10Z"`;
