// Jest Snapshot v1, https://goo.gl/fbAQLP

exports[`attribute set get get set 1`] = `"M6.123233995736766e-16 -10L8.660254037844387 4.999999999999998L-8.660254037844386 5.0000000000000036Z"`;

exports[`attribute set get get set 2`] = `"M6.123233995736766e-16 -10L7.818314824680298 -6.234898018587335L9.749279121818237 2.225209339563144L4.3388373911755815 9.009688679024192L-4.338837391175581 9.009688679024192L-9.749279121818237 2.225209339563145L-7.818314824680299 -6.234898018587334Z"`;

exports[`attribute set get get set 3`] = `"M8.660254037844386 -5L9.308737486442043 3.6534102436639495L2.947551744109043 9.555728057861407L-5.633200580636217 8.262387743159952L-9.972037971811801 0.7473009358642467L-6.801727377709197 -7.33051871829826L1.4904226617617398 -9.888308262251286Z"`;
